## ComfyUI-Manager: installing dependencies done.
[2026-08-13 21:55:12.626] ** ComfyUI startup time: 2026-08-13 21:55:12.626
[2026-08-13 21:55:12.626] ** Platform: Windows
[2026-08-13 21:55:12.626] ** Python version: 3.13.12 (main, Feb 12 2026, 00:38:53) [MSC v.1944 64 bit (AMD64)]
[2026-08-13 21:55:12.627] ** Python executable: D:\ComfyUI_Installs\New Main\ComfyUI\.venv\Scripts\python.exe
[2026-08-13 21:55:12.627] ** ComfyUI Path: D:\ComfyUI_Installs\New Main\ComfyUI
[2026-08-13 21:55:12.627] ** ComfyUI Base Folder Path: D:\ComfyUI_Installs\New Main\ComfyUI
[2026-08-13 21:55:12.627] ** User directory: D:\ComfyUI_Installs\New Main\ComfyUI\user
[2026-08-13 21:55:12.627] ** ComfyUI-Manager config path: D:\ComfyUI_Installs\New Main\ComfyUI\user\__manager\config.ini
[2026-08-13 21:55:12.628] ** Log path: D:\ComfyUI_Installs\New Main\ComfyUI\user\comfyui.log

Prestartup times for custom nodes:
[2026-08-13 21:55:14.616]    0.0 seconds: D:\ComfyUI_Installs\New Main\ComfyUI\custom_nodes\rgthree-comfy
[2026-08-13 21:55:14.616]    0.0 seconds: D:\ComfyUI_Installs\New Main\ComfyUI\custom_nodes\comfyui-easy-use
[2026-08-13 21:55:14.617]    5.2 seconds: D:\ComfyUI_Installs\New Main\ComfyUI\custom_nodes\comfyui-manager
[2026-08-13 21:55:14.617] 
[2026-08-13 21:55:15.512] D:\ComfyUI_Installs\New Main\ComfyUI\.venv\Lib\site-packages\torch\cuda\__init__.py:64: FutureWarning: The pynvml package is deprecated. Please install nvidia-ml-py instead. If you did not install pynvml directly, please report this to the maintainers of the package that installed pynvml for you.
  import pynvml  # type: ignore[import]
[2026-08-13 21:55:20.326] Found comfy_kitchen backend triton: {'available': True, 'disabled': True, 'unavailable_reason': None, 'capabilities': ['adaln', 'apply_rope', 'apply_rope1', 'apply_rope1_', 'apply_rope_', 'apply_rope_split_half', 'apply_rope_split_half1', 'apply_rope_split_half1_', 'apply_rope_split_half_', 'dequantize_nvfp4', 'dequantize_per_tensor_fp8', 'int8_linear', 'na3d', 'quantize_and_rotate_rowwise', 'quantize_int8_rowwise', 'quantize_mxfp8', 'quantize_nvfp4', 'quantize_per_tensor_fp8', 'rms_adaln', 'rms_rope', 'rms_rope1', 'rms_rope1_', 'rms_rope_', 'rms_rope_split_half', 'rms_rope_split_half1', 'rms_rope_split_half1_', 'rms_rope_split_half_', 'w4a8_int8_linear']}
[2026-08-13 21:55:20.326] Found comfy_kitchen backend hip: {'available': False, 'disabled': False, 'unavailable_reason': 'PyTorch ROCm/HIP runtime not available', 'capabilities': []}
[2026-08-13 21:55:20.327] Found comfy_kitchen backend cuda: {'available': True, 'disabled': False, 'unavailable_reason': None, 'capabilities': ['adaln', 'apply_rope', 'apply_rope1', 'apply_rope1_', 'apply_rope_', 'apply_rope_split_half', 'apply_rope_split_half1', 'apply_rope_split_half1_', 'apply_rope_split_half_', 'convrot_w4a4_linear', 'dequantize_convrot_w4a4_weight', 'dequantize_int8_convrot_weight', 'dequantize_int8_convrot_weight_dtype', 'dequantize_int8_simple', 'dequantize_int8_simple_dtype', 'dequantize_nvfp4', 'dequantize_per_tensor_fp8', 'dequantize_w4a8_int8_weight', 'gemv_awq_w4a16', 'int8_linear', 'na3d', 'prepare_int4_weight_for_int8_linear', 'quantize_and_rotate_rowwise', 'quantize_convrot_w4a4_weight', 'quantize_int8_convrot_weight', 'quantize_int8_rowwise', 'quantize_int8_tensorwise', 'quantize_mxfp8', 'quantize_nvfp4', 'quantize_per_tensor_fp8', 'quantize_svdquant_w4a4', 'quantize_w4a8_int8_weight', 'rms_adaln', 'rms_rope', 'rms_rope1', 'rms_rope1_', 'rms_rope_', 'rms_rope_split_half', 'rms_rope_split_half1', 'rms_rope_split_half1_', 'rms_rope_split_half_', 'rotate_int8_convrot_weight', 'scaled_mm_nvfp4', 'scaled_mm_svdquant_w4a4', 'stochastic_rounding_fp8', 'w4a8_int8_linear']}
[2026-08-13 21:55:20.327] Found comfy_kitchen backend eager: {'available': True, 'disabled': False, 'unavailable_reason': None, 'capabilities': ['adaln', 'apply_rope', 'apply_rope1', 'apply_rope1_', 'apply_rope_', 'apply_rope_split_half', 'apply_rope_split_half1', 'apply_rope_split_half1_', 'apply_rope_split_half_', 'convrot_w4a4_linear', 'dequantize_convrot_w4a4_weight', 'dequantize_int8_convrot_weight', 'dequantize_int8_convrot_weight_dtype', 'dequantize_int8_embedding', 'dequantize_int8_simple', 'dequantize_int8_simple_dtype', 'dequantize_mxfp8', 'dequantize_nvfp4', 'dequantize_per_tensor_fp8', 'dequantize_w4a8_int8_weight', 'gemv_awq_w4a16', 'int8_linear', 'na3d', 'prepare_int4_weight_for_int8_linear', 'quantize_and_rotate_rowwise', 'quantize_convrot_w4a4_weight', 'quantize_int8_convrot_weight', 'quantize_int8_rowwise', 'quantize_int8_tensorwise', 'quantize_mxfp8', 'quantize_nvfp4', 'quantize_per_tensor_fp8', 'quantize_svdquant_w4a4', 'quantize_w4a8_int8_weight', 'rms_adaln', 'rms_rope', 'rms_rope1', 'rms_rope1_', 'rms_rope_', 'rms_rope_split_half', 'rms_rope_split_half1', 'rms_rope_split_half1_', 'rms_rope_split_half_', 'rotate_int8_convrot_weight', 'scaled_mm_mxfp8', 'scaled_mm_nvfp4', 'scaled_mm_svdquant_w4a4', 'stochastic_rounding_fp8', 'w4a8_int8_linear']}
[2026-08-13 21:55:20.340] Checkpoint files will always be loaded safely.
[2026-08-13 21:55:20.549] Total VRAM 16303 MB, total RAM 65409 MB
[2026-08-13 21:55:20.549] pytorch version: 2.13.0+cu130
[2026-08-13 21:55:20.550] Enabled fp16 accumulation.
[2026-08-13 21:55:20.550] Set vram state to: NORMAL_VRAM
[2026-08-13 21:55:20.551] Device: cuda:0 NVIDIA GeForce RTX 5070 Ti : cudaMallocAsync
[2026-08-13 21:55:20.591] Using async weight offloading with 2 streams
[2026-08-13 21:55:20.592] Enabled pinned memory 26163.0
[2026-08-13 21:55:20.698] Using pytorch attention
[2026-08-13 21:55:26.712] Python version: 3.13.12 (main, Feb 12 2026, 00:38:53) [MSC v.1944 64 bit (AMD64)]
[2026-08-13 21:55:26.712] ComfyUI version: 0.33.1
[2026-08-13 21:55:26.713] comfy-aimdo version: 0.4.13
[2026-08-13 21:55:26.715] comfy-kitchen version: 0.2.31
[2026-08-13 21:55:26.715] Dynamic vram disabled with argument. If you have any issues with dynamic vram enabled please give us a detailed reports as this argument will be removed soon. If you use gguf we recommend keeping dynamic vram enabled and using native ComfyUI model formats instead. ComfyUI native formats like fp8 will be faster even if they are larger than your memory.
[2026-08-13 21:55:26.722] comfyui-frontend-package version: 1.48.7
[2026-08-13 21:55:26.722] comfyui-workflow-templates version: 0.11.41
[2026-08-13 21:55:26.722] comfyui-embedded-docs version: 0.5.9
[2026-08-13 21:55:26.722] comfy-kitchen version: 0.2.31
[2026-08-13 21:55:26.722] comfy-aimdo version: 0.4.13
[2026-08-13 21:55:26.725] [Prompt Server] web root: D:\ComfyUI_Installs\New Main\ComfyUI\.venv\Lib\site-packages\comfyui_frontend_package\static
[2026-08-13 21:55:26.726] Asset seeder disabled
[2026-08-13 21:55:27.986] No OpenGL_accelerate module loaded: No module named 'OpenGL_accelerate'
[2026-08-13 21:55:29.839] Web extensions folder found at D:\ComfyUI_Installs\New Main\ComfyUI\web\extensions\ComfyLiterals
[2026-08-13 21:55:29.847] [Sequential ReadAhead] Default/non-classic ComfyUI cache detected. Heavy multi-model stress testing on ComfyUI 0.31.1 was unstable with the RAM-pressure cache but stable with --cache-classic. ReadAhead remains enabled; --cache-classic is recommended until this ComfyUI cache path is validated on your version.
[2026-08-13 21:55:29.847] [Sequential ReadAhead] Installed v0.9.0 (ComfyUI 0.33.1, CUDA NVIDIA GeForce RTX 5070 Ti): isolated cached read-ahead=True, adaptive-budget=True, sampler-stop=True, chunk=32 MiB, RAM floor 3.5/2.5 GiB, cache=default, async-streams=2, unload/model-memory hooks=none
[2026-08-13 21:55:29.904] [Crystools [0;32mINFO[0m] Crystools version: 1.27.4
[2026-08-13 21:55:29.979] [Crystools [0;32mINFO[0m] Platform release: 11
[2026-08-13 21:55:29.979] [Crystools [0;32mINFO[0m] JETSON: Not detected.
[2026-08-13 21:55:29.980] [Crystools [0;32mINFO[0m] CPU: AMD Ryzen Threadripper 3960X 24-Core Processor - Arch: AMD64 - OS: Windows 11
[2026-08-13 21:55:29.993] [Crystools [0;32mINFO[0m] pynvml (NVIDIA) initialized.
[2026-08-13 21:55:29.993] [Crystools [0;32mINFO[0m] GPU/s:
[2026-08-13 21:55:30.010] [Crystools [0;32mINFO[0m] 0) NVIDIA GeForce RTX 5070 Ti
[2026-08-13 21:55:30.026] [Crystools [0;32mINFO[0m] 1) NVIDIA GeForce RTX 5060 Ti
[2026-08-13 21:55:30.042] [Crystools [0;32mINFO[0m] 2) NVIDIA GeForce RTX 3090
[2026-08-13 21:55:30.042] [Crystools [0;32mINFO[0m] NVIDIA Driver: 610.88
[2026-08-13 21:55:34.041] [ComfyUI-Easy-Use] server: v1.3.6 Loaded
[2026-08-13 21:55:34.042] [ComfyUI-Easy-Use] web root: D:\ComfyUI_Installs\New Main\ComfyUI\custom_nodes\comfyui-easy-use\web_version/v2 Loaded
[2026-08-13 21:55:34.108] ComfyUI-GGUF: Allowing full torch compile
[2026-08-13 21:55:34.133] ### Loading: ComfyUI-Impact-Pack (V8.28.3)
[2026-08-13 21:55:34.434] [Impact Pack] Wildcard total size (0.00 MB) is within cache limit (50.00 MB). Using full cache mode.
[2026-08-13 21:55:34.435] [Impact Pack] Wildcards loading done.
[2026-08-13 21:55:34.704] ### Loading: ComfyUI-Manager (V3.41)
[2026-08-13 21:55:34.705] [ComfyUI-Manager] network_mode: public
[2026-08-13 21:55:34.705] [ComfyUI-Manager] ComfyUI per-queue preview override detected (PR #11261). Manager's preview method feature is disabled. Use ComfyUI's --preview-method CLI option or 'Settings > Execution > Live preview method'.
[2026-08-13 21:55:34.995] ### ComfyUI Revision: 5768 [72865f4f] *DETACHED | Released on '2026-08-13'
[2026-08-13 21:55:36.386] [ComfyUI-Manager] default cache updated: https://raw.githubusercontent.com/ltdrdata/ComfyUI-Manager/main/alter-list.json
[2026-08-13 21:55:36.397] [ComfyUI-Manager] default cache updated: https://raw.githubusercontent.com/ltdrdata/ComfyUI-Manager/main/model-list.json
[2026-08-13 21:55:36.451] [ComfyUI-Manager] default cache updated: https://raw.githubusercontent.com/ltdrdata/ComfyUI-Manager/main/github-stats.json
[2026-08-13 21:55:36.579] [ComfyUI-Manager] default cache updated: https://raw.githubusercontent.com/ltdrdata/ComfyUI-Manager/main/custom-node-list.json
[2026-08-13 21:55:36.681] [ComfyUI-Manager] default cache updated: https://raw.githubusercontent.com/ltdrdata/ComfyUI-Manager/main/extension-node-map.json
[2026-08-13 21:55:36.711] [MemXray] sampling pid 45972 (python) via Process V2
[2026-08-13 21:55:36.712] [MemXray] watching pid 45972, PDH counters available
[2026-08-13 21:55:36.719] [Mobile Frontend] Loading custom node...
[2026-08-13 21:55:37.971] [Mobile Frontend] Mobile UI enabled at: /mobile
[2026-08-13 21:55:37.977] [MultiGPU Core Patching] Patching mm.soft_empty_cache for Comprehensive Memory Management (VRAM + CPU + Store Pruning)
[2026-08-13 21:55:37.983] [MultiGPU Core Patching] Patching mm.get_torch_device, mm.text_encoder_device, mm.unet_offload_device
[2026-08-13 21:55:37.984] [MultiGPU DEBUG] Initial current_device: cuda:0
[2026-08-13 21:55:37.984] [MultiGPU DEBUG] Initial current_text_encoder_device: cuda:0
[2026-08-13 21:55:37.984] [MultiGPU DEBUG] Initial current_unet_offload_device: cpu
[2026-08-13 21:55:37.985] [MultiGPU] Patched comfy.model_management.current_stream to honor CUDA device arguments
[2026-08-13 21:55:37.985] [MultiGPU] Patched comfy.sample.sample with runtime device guard
[2026-08-13 21:55:37.985] [MultiGPU] Patched comfy.sample.sample_custom with runtime device guard
[2026-08-13 21:55:37.988] [MultiGPU] Applied comfy_kitchen CUDA DLPack device guard patch (P2P-aware)
[2026-08-13 21:55:37.988] [MultiGPU] DynamicVRAM not enabled; skipping multi-device aimdo initialization
[2026-08-13 21:55:37.996] [MultiGPU] Initiating custom_node Registration. . .
[2026-08-13 21:55:37.997] -----------------------------------------------
[2026-08-13 21:55:37.998] custom_node                   Found     Nodes
[2026-08-13 21:55:37.999] -----------------------------------------------
[2026-08-13 21:55:38.004] ComfyUI-LTXVideo                  Y         1
[2026-08-13 21:55:38.005] ComfyUI-Florence2                 N         0
[2026-08-13 21:55:38.005] ComfyUI_bitsandbytes_NF4          N         0
[2026-08-13 21:55:38.006] x-flux-comfyui                    N         0
[2026-08-13 21:55:38.006] ComfyUI-MMAudio                   N         0
[2026-08-13 21:55:38.006] ComfyUI-GGUF                      Y        18
[2026-08-13 21:55:38.007] PuLID_ComfyUI                     N         0
[2026-08-13 21:55:38.007] ComfyUI-WanVideoWrapper           Y        20
[2026-08-13 21:55:38.007] -----------------------------------------------
[2026-08-13 21:55:38.008] [MultiGPU] Registration complete. Final mappings: CheckpointLoaderAdvancedMultiGPU, CheckpointLoaderAdvancedDisTorch2MultiGPU, DeviceSelectorMultiGPU, UNetLoaderLP, UNETLoaderMultiGPU, VAELoaderMultiGPU, CLIPLoaderMultiGPU, DualCLIPLoaderMultiGPU, TripleCLIPLoaderMultiGPU, QuadrupleCLIPLoaderMultiGPU, CLIPVisionLoaderMultiGPU, CheckpointLoaderSimpleMultiGPU, ControlNetLoaderMultiGPU, DiffusersLoaderMultiGPU, DiffControlNetLoaderMultiGPU, UNETLoaderDisTorch2MultiGPU, VAELoaderDisTorch2MultiGPU, CLIPLoaderDisTorch2MultiGPU, DualCLIPLoaderDisTorch2MultiGPU, TripleCLIPLoaderDisTorch2MultiGPU, QuadrupleCLIPLoaderDisTorch2MultiGPU, CLIPVisionLoaderDisTorch2MultiGPU, CheckpointLoaderSimpleDisTorch2MultiGPU, ControlNetLoaderDisTorch2MultiGPU, DiffusersLoaderDisTorch2MultiGPU, DiffControlNetLoaderDisTorch2MultiGPU, LTXVLoaderMultiGPU, UnetLoaderGGUFDisTorchMultiGPU, UnetLoaderGGUFAdvancedDisTorchMultiGPU, CLIPLoaderGGUFDisTorchMultiGPU, DualCLIPLoaderGGUFDisTorchMultiGPU, TripleCLIPLoaderGGUFDisTorchMultiGPU, QuadrupleCLIPLoaderGGUFDisTorchMultiGPU, UnetLoaderGGUFDisTorch2MultiGPU, UnetLoaderGGUFAdvancedDisTorch2MultiGPU, CLIPLoaderGGUFDisTorch2MultiGPU, DualCLIPLoaderGGUFDisTorch2MultiGPU, TripleCLIPLoaderGGUFDisTorch2MultiGPU, QuadrupleCLIPLoaderGGUFDisTorch2MultiGPU, UnetLoaderGGUFMultiGPU, UnetLoaderGGUFAdvancedMultiGPU, CLIPLoaderGGUFMultiGPU, DualCLIPLoaderGGUFMultiGPU, TripleCLIPLoaderGGUFMultiGPU, QuadrupleCLIPLoaderGGUFMultiGPU, LoadWanVideoT5TextEncoderMultiGPU, WanVideoTextEncodeMultiGPU, WanVideoTextEncodeCachedMultiGPU, WanVideoTextEncodeSingleMultiGPU, WanVideoVAELoaderMultiGPU, WanVideoTinyVAELoaderMultiGPU, WanVideoBlockSwapMultiGPU, WanVideoImageToVideoEncodeMultiGPU, WanVideoDecodeMultiGPU, WanVideoModelLoaderMultiGPU, WanVideoSamplerMultiGPU, WanVideoVACEEncodeMultiGPU, WanVideoEncodeMultiGPU, LoadWanVideoClipTextEncoderMultiGPU, WanVideoClipVisionEncodeMultiGPU, WanVideoControlnetLoaderMultiGPU, FantasyTalkingModelLoaderMultiGPU, Wav2VecModelLoaderMultiGPU, WanVideoUni3C_ControlnetLoaderMultiGPU, DownloadAndLoadWav2VecModelMultiGPU
[2026-08-13 21:55:38.059] Installed STP CORS-bypass middleware ahead of ComfyUI's chain
[2026-08-13 21:55:38.059] Increased ComfyUI body size limit: 104857600 -> 4294967296 bytes
[2026-08-13 21:55:38.076] No config file at D:\ComfyUI_Installs\New Main\ComfyUI\custom_nodes\ComfyUI-Stimma\config.yaml, using defaults
[2026-08-13 21:55:38.077] Installed animated video preview wrapper
[2026-08-13 21:55:38.101] Added STP WebSocket route: /stp-v1
[2026-08-13 21:55:38.105] Cleaned up stale asset dir: C:\Users\Bryan\AppData\Local\Temp\stimma-provider-assets-e5gtcub5
[2026-08-13 21:55:38.113] Local asset server using: C:\Users\Bryan\AppData\Local\Temp\stimma-provider-assets-5jicja2g
[2026-08-13 21:55:38.113] STP routes added to ComfyUI server
[2026-08-13 21:55:38.119] Traceback (most recent call last):
  File "D:\ComfyUI_Installs\New Main\ComfyUI\nodes.py", line 2263, in load_custom_node
    module_spec.loader.exec_module(module)
    ~~~~~~~~~~~~~~~~~~~~~~~~~~~~~~^^^^^^^^
  File "<frozen importlib._bootstrap_external>", line 1023, in exec_module
  File "<frozen importlib._bootstrap>", line 488, in _call_with_frames_removed
  File "D:\ComfyUI_Installs\New Main\ComfyUI\custom_nodes\ComfyUI-TeaCache\__init__.py", line 1, in <module>
    from .nodes import NODE_CLASS_MAPPINGS as NODES_CLASS, NODE_DISPLAY_NAME_MAPPINGS as NODES_DISPLAY
  File "D:\ComfyUI_Installs\New Main\ComfyUI\custom_nodes\ComfyUI-TeaCache\nodes.py", line 12, in <module>
    from comfy.ldm.lightricks.model import precompute_freqs_cis
ImportError: cannot import name 'precompute_freqs_cis' from 'comfy.ldm.lightricks.model' (D:\ComfyUI_Installs\New Main\ComfyUI\comfy\ldm\lightricks\model.py)

[2026-08-13 21:55:38.119] Cannot import D:\ComfyUI_Installs\New Main\ComfyUI\custom_nodes\ComfyUI-TeaCache module for custom nodes: cannot import name 'precompute_freqs_cis' from 'comfy.ldm.lightricks.model' (D:\ComfyUI_Installs\New Main\ComfyUI\comfy\ldm\lightricks\model.py)
[2026-08-13 21:55:39.216] [vsLinx] Combo type validation fix applied.
[2026-08-13 21:55:39.722] WanVideoWrapper WARNING: FantasyPortrait nodes not available: No module named 'onnx'
[2026-08-13 21:55:39.759] comfyuiWATCHER progress relay installed (broadcasting watcher.* events)
[2026-08-13 21:55:39.759] comfyuiWATCHER relay: batch-size reporting installed
[2026-08-13 21:55:40.267] ------------------------------------------
[2026-08-13 21:55:40.267] Comfyroll Studio v1.76 :  175 Nodes Loaded
[2026-08-13 21:55:40.267] ------------------------------------------
[2026-08-13 21:55:40.268] ** For changes, please see patch notes at https://github.com/Suzie1/ComfyUI_Comfyroll_CustomNodes/blob/main/Patch_Notes.md
[2026-08-13 21:55:40.268] ** For help, please see the wiki at https://github.com/Suzie1/ComfyUI_Comfyroll_CustomNodes/wiki
[2026-08-13 21:55:40.268] ------------------------------------------
[2026-08-13 21:55:40.385] 
[2026-08-13 21:55:40.385] Initializing ControlAltAI Nodes
[2026-08-13 21:55:42.601] EA_LMStudio: Cannot connect to LM Studio at http://127.0.0.1:1234. Ensure LM Studio is running with server enabled.
[2026-08-13 21:55:42.601] EA_LMStudio startup: Cannot connect to LM Studio at http://127.0.0.1:1234. Ensure LM Studio is running with server enabled.
[2026-08-13 21:55:42.601] EA_LMStudio: Models will need to be entered manually or refreshed later
[2026-08-13 21:55:42.800] Using pytorch attention
[2026-08-13 21:55:42.833] (RES4LYF) Init
[2026-08-13 21:55:42.834] (RES4LYF) Importing beta samplers.
[2026-08-13 21:55:42.874] (RES4LYF) Importing legacy samplers.
[2026-08-13 21:55:42.921] 
[2026-08-13 21:55:42.921] [rgthree-comfy] Loaded 48 exciting nodes. 🎉
[2026-08-13 21:55:42.922] 
[2026-08-13 21:55:42.922] [rgthree-comfy] ComfyUI's new Node 2.0 rendering may be incompatible with some rgthree-comfy nodes and features, breaking some rendering as well as losing the ability to access a node's properties (a vital part of many nodes). It also appears to run MUCH more slowly spiking CPU usage and causing jankiness and unresponsiveness, especially with large workflows. Personally I am not planning to use the new Nodes 2.0 and, unfortunately, am not able to invest the time to investigate and overhaul rgthree-comfy where needed. If you have issues when Nodes 2.0 is enabled, I'd urge you to switch it off as well and join me in hoping ComfyUI is not planning to deprecate the existing, stable canvas rendering all together.
[2026-08-13 21:55:42.922] 
[2026-08-13 21:55:42.932] ⚡ SeedVR2 optimizations check: SageAttention ✅ | Flash Attention ❌ | Triton ✅
[2026-08-13 21:55:42.933] 💡 Optional: pip install flash-attn
[2026-08-13 21:55:42.933] 🔧 Conv3d workaround active: PyTorch 2.13.0, cuDNN 92000 (fixing VAE 3x memory bug)
[2026-08-13 21:55:43.077] 📊 Initial CUDA memory: 14.60GB free / 15.92GB total
[2026-08-13 21:55:44.356] WAS Node Suite: OpenCV Python FFMPEG support is enabled
[2026-08-13 21:55:44.357] WAS Node Suite Warning: `ffmpeg_bin_path` is not set in `D:\ComfyUI_Installs\New Main\ComfyUI\custom_nodes\was-ns\was_suite_config.json` config file. Will attempt to use system ffmpeg binaries if available.
[2026-08-13 21:55:45.098] WAS Node Suite: Finished. Loaded 220 nodes successfully.
[2026-08-13 21:55:45.098] 
	"Every great dream begins with a dreamer." - Harriet Tubman
[2026-08-13 21:55:45.098] 
[2026-08-13 21:55:45.104] 
Import times for custom nodes:
[2026-08-13 21:55:45.104]    0.0 seconds: D:\ComfyUI_Installs\New Main\ComfyUI\custom_nodes\websocket_image_save.py
[2026-08-13 21:55:45.104]    0.0 seconds: D:\ComfyUI_Installs\New Main\ComfyUI\custom_nodes\comfyui-watcher-relay
[2026-08-13 21:55:45.104]    0.0 seconds: D:\ComfyUI_Installs\New Main\ComfyUI\custom_nodes\comfyui_memory_cleanup
[2026-08-13 21:55:45.105]    0.0 seconds: D:\ComfyUI_Installs\New Main\ComfyUI\custom_nodes\ComfyUI-MiniMax-H3-Turbo
[2026-08-13 21:55:45.105]    0.0 seconds: D:\ComfyUI_Installs\New Main\ComfyUI\custom_nodes\comfyui-inpaint-cropandstitch
[2026-08-13 21:55:45.105]    0.0 seconds: D:\ComfyUI_Installs\New Main\ComfyUI\custom_nodes\comfyui-int-and-float
[2026-08-13 21:55:45.105]    0.0 seconds: D:\ComfyUI_Installs\New Main\ComfyUI\custom_nodes\ComfyLiterals
[2026-08-13 21:55:45.105]    0.0 seconds: D:\ComfyUI_Installs\New Main\ComfyUI\custom_nodes\comfyui-mxtoolkit
[2026-08-13 21:55:45.105]    0.0 seconds: D:\ComfyUI_Installs\New Main\ComfyUI\custom_nodes\cg-use-everywhere
[2026-08-13 21:55:45.105]    0.0 seconds (IMPORT FAILED): D:\ComfyUI_Installs\New Main\ComfyUI\custom_nodes\ComfyUI-TeaCache
[2026-08-13 21:55:45.105]    0.0 seconds: D:\ComfyUI_Installs\New Main\ComfyUI\custom_nodes\ComfyUI-AVS-SSD-ReadAhead
[2026-08-13 21:55:45.105]    0.0 seconds: D:\ComfyUI_Installs\New Main\ComfyUI\custom_nodes\ComfyUI-Z-Engineer
[2026-08-13 21:55:45.105]    0.0 seconds: D:\ComfyUI_Installs\New Main\ComfyUI\custom_nodes\ComfyUI-VFI
[2026-08-13 21:55:45.105]    0.0 seconds: D:\ComfyUI_Installs\New Main\ComfyUI\custom_nodes\comfyui_essentials
[2026-08-13 21:55:45.105]    0.0 seconds: D:\ComfyUI_Installs\New Main\ComfyUI\custom_nodes\ComfyUI-GGUF
[2026-08-13 21:55:45.105]    0.0 seconds: D:\ComfyUI_Installs\New Main\ComfyUI\custom_nodes\ComfyUI-INT8-Fast
[2026-08-13 21:55:45.105]    0.0 seconds: D:\ComfyUI_Installs\New Main\ComfyUI\custom_nodes\ComfyUI-Flux2-INT8
[2026-08-13 21:55:45.105]    0.0 seconds: D:\ComfyUI_Installs\New Main\ComfyUI\custom_nodes\Anomalous_Model_Browser
[2026-08-13 21:55:45.106]    0.0 seconds: D:\ComfyUI_Installs\New Main\ComfyUI\custom_nodes\comfyui-custom-scripts
[2026-08-13 21:55:45.106]    0.0 seconds: D:\ComfyUI_Installs\New Main\ComfyUI\custom_nodes\derfuu_comfyui_moddednodes
[2026-08-13 21:55:45.106]    0.0 seconds: D:\ComfyUI_Installs\New Main\ComfyUI\custom_nodes\comfyui-image-saver
[2026-08-13 21:55:45.106]    0.0 seconds: D:\ComfyUI_Installs\New Main\ComfyUI\custom_nodes\ComfyUI-Flux2Klein-Enhancer
[2026-08-13 21:55:45.106]    0.0 seconds: D:\ComfyUI_Installs\New Main\ComfyUI\custom_nodes\controlaltai-nodes
[2026-08-13 21:55:45.106]    0.0 seconds: D:\ComfyUI_Installs\New Main\ComfyUI\custom_nodes\comfyui-vslinx-nodes
[2026-08-13 21:55:45.106]    0.0 seconds: D:\ComfyUI_Installs\New Main\ComfyUI\custom_nodes\comfyui-frame-interpolation
[2026-08-13 21:55:45.106]    0.0 seconds: D:\ComfyUI_Installs\New Main\ComfyUI\custom_nodes\ComfyUI-SolAttn_triton
[2026-08-13 21:55:45.106]    0.0 seconds: D:\ComfyUI_Installs\New Main\ComfyUI\custom_nodes\comfyui-multigpu
[2026-08-13 21:55:45.106]    0.0 seconds: D:\ComfyUI_Installs\New Main\ComfyUI\custom_nodes\rgthree-comfy
[2026-08-13 21:55:45.106]    0.0 seconds: D:\ComfyUI_Installs\New Main\ComfyUI\custom_nodes\ComfyUI-Jakkanna
[2026-08-13 21:55:45.106]    0.1 seconds: D:\ComfyUI_Installs\New Main\ComfyUI\custom_nodes\ComfyUI-Stimma
[2026-08-13 21:55:45.106]    0.1 seconds: D:\ComfyUI_Installs\New Main\ComfyUI\custom_nodes\comfyui-kjnodes
[2026-08-13 21:55:45.107]    0.1 seconds: D:\ComfyUI_Installs\New Main\ComfyUI\custom_nodes\comfyui_nvidia_rtx_nodes
[2026-08-13 21:55:45.107]    0.1 seconds: D:\ComfyUI_Installs\New Main\ComfyUI\custom_nodes\ComfyUI-LTXVideo
[2026-08-13 21:55:45.107]    0.2 seconds: D:\ComfyUI_Installs\New Main\ComfyUI\custom_nodes\ComfyUI-Crystools
[2026-08-13 21:55:45.107]    0.3 seconds: D:\ComfyUI_Installs\New Main\ComfyUI\custom_nodes\RES4LYF
[2026-08-13 21:55:45.107]    0.3 seconds: D:\ComfyUI_Installs\New Main\ComfyUI\custom_nodes\comfyui-impact-pack
[2026-08-13 21:55:45.107]    0.3 seconds: D:\ComfyUI_Installs\New Main\ComfyUI\custom_nodes\seedvr2_videoupscaler
[2026-08-13 21:55:45.107]    0.4 seconds: D:\ComfyUI_Installs\New Main\ComfyUI\custom_nodes\ComfyUI-MemXray
[2026-08-13 21:55:45.107]    0.5 seconds: D:\ComfyUI_Installs\New Main\ComfyUI\custom_nodes\ComfyUI_Comfyroll_CustomNodes
[2026-08-13 21:55:45.107]    0.5 seconds: D:\ComfyUI_Installs\New Main\ComfyUI\custom_nodes\ComfyUI-WanVideoWrapper
[2026-08-13 21:55:45.107]    1.1 seconds: D:\ComfyUI_Installs\New Main\ComfyUI\custom_nodes\comfyui-videohelpersuite
[2026-08-13 21:55:45.107]    1.3 seconds: D:\ComfyUI_Installs\New Main\ComfyUI\custom_nodes\comfyui-mobile-frontend
[2026-08-13 21:55:45.107]    1.6 seconds: D:\ComfyUI_Installs\New Main\ComfyUI\custom_nodes\comfyui-manager
[2026-08-13 21:55:45.107]    1.8 seconds: D:\ComfyUI_Installs\New Main\ComfyUI\custom_nodes\was-ns
[2026-08-13 21:55:45.107]    2.2 seconds: D:\ComfyUI_Installs\New Main\ComfyUI\custom_nodes\EA_LMStudio
[2026-08-13 21:55:45.108]    4.0 seconds: D:\ComfyUI_Installs\New Main\ComfyUI\custom_nodes\comfyui-easy-use
[2026-08-13 21:55:45.108] 
[2026-08-13 21:55:45.112] Context impl SQLiteImpl.
[2026-08-13 21:55:45.112] Will assume non-transactional DDL.
[2026-08-13 21:55:45.272] Using RAM pressure cache.
[2026-08-13 21:55:45.273] Starting server

[2026-08-13 21:55:45.274] [Mobile Push] detection spike active; seeded 0 prior history entries (polling every 1.0s)
[2026-08-13 21:55:45.276] Auto-detected ComfyUI address: 127.0.0.1:8188
[2026-08-13 21:55:45.276] ComfyUI client initialized with 1 instance(s): ['127.0.0.1:8188']
[2026-08-13 21:55:45.276] Starting provider: ComfyUI Workflows
[2026-08-13 21:55:45.276] STP transport ready, waiting for client on /stp-v1...
[2026-08-13 21:55:45.277] To see the GUI go to: http://0.0.0.0:8188
[2026-08-13 21:55:47.519] [DEPRECATION WARNING] Detected import of deprecated legacy API: /scripts/ui/components/buttonGroup.js. This is likely caused by a custom node extension using outdated APIs. Please update your extensions or contact the extension author for an updated version.
[2026-08-13 21:55:47.519] [DEPRECATION WARNING] Detected import of deprecated legacy API: /scripts/ui.js. This is likely caused by a custom node extension using outdated APIs. Please update your extensions or contact the extension author for an updated version.
[2026-08-13 21:55:47.526] [DEPRECATION WARNING] Detected import of deprecated legacy API: /extensions/core/clipspace.js. This is likely caused by a custom node extension using outdated APIs. Please update your extensions or contact the extension author for an updated version.
[2026-08-13 21:55:47.528] [DEPRECATION WARNING] Detected import of deprecated legacy API: /extensions/core/groupNode.js. This is likely caused by a custom node extension using outdated APIs. Please update your extensions or contact the extension author for an updated version.
[2026-08-13 21:55:47.529] [DEPRECATION WARNING] Detected import of deprecated legacy API: /extensions/core/widgetInputs.js. This is likely caused by a custom node extension using outdated APIs. Please update your extensions or contact the extension author for an updated version.
[2026-08-13 21:55:47.556] [vsLinx] Combo type fix enabled via settings.
[2026-08-13 21:55:49.474] [vsLinx] Combo type fix enabled via settings.
[2026-08-13 21:55:49.483] [DEPRECATION WARNING] Detected import of deprecated legacy API: /scripts/ui/components/button.js. This is likely caused by a custom node extension using outdated APIs. Please update your extensions or contact the extension author for an updated version.
[2026-08-13 21:56:09.212] [vsLinx] Combo type fix enabled via settings.
[2026-08-13 21:56:10.889] [vsLinx] Combo type fix enabled via settings.
[2026-08-13 21:57:32.504] FETCH ComfyRegistry Data [DONE]
[2026-08-13 21:57:32.944] [ComfyUI-Manager] default cache updated: https://api.comfy.org/nodes
[2026-08-13 21:57:33.030] FETCH DATA from: https://raw.githubusercontent.com/Comfy-Org/ComfyUI-Manager/main/custom-node-list.json [DONE]
[2026-08-13 21:57:33.436] [ComfyUI-Manager] All startup tasks have been completed.
